Microchip MPLAB XC8 Compiler V2.10 ()

Linker command line:

-W-3 --edf=/opt/microchip/xc8/v2.10/pic/dat/en_msgs.txt -cs \
  -h+dist/default/production/PIC12F1572_PWM.X.production.sym \
  --cmf=dist/default/production/PIC12F1572_PWM.X.production.cmf -z \
  -Q12F1572 -o/tmp/xcXtvr8Vl --defsym=__MPLAB_BUILD=1 \
  -Mdist/default/production/PIC12F1572_PWM.X.production.map -E1 -ver=XC8 \
  --acfsm=1493 -ASTACK=0205Fh-020EFh -pstack=STACK -ACODE=00h-07FFh \
  -ASTRCODE=00h-07FFh -ASTRING=00h-0FFhx8 -ACONST=00h-0FFhx8 \
  -AENTRY=00h-0FFhx8 -ACOMMON=070h-07Fh -ABANK0=020h-06Fh -ABANK1=0A0h-0EFh \
  -ABANK2=0120h-016Fh -ABIGRAM=02000h-020EFh \
  -ARAM=020h-06Fh,0A0h-0EFh,0120h-016Fh \
  -AABS1=020h-07Fh,0A0h-0EFh,0120h-016Fh -ASFR0=00h-01Fh -ASFR1=080h-09Fh \
  -ASFR2=0100h-011Fh -ASFR3=0180h-01EFh -ASFR4=0200h-026Fh \
  -ASFR5=0280h-02EFh -ASFR6=0300h-036Fh -ASFR7=0380h-03EFh \
  -ASFR8=0400h-046Fh -ASFR9=0480h-04EFh -ASFR10=0500h-056Fh \
  -ASFR11=0580h-05EFh -ASFR12=0600h-066Fh -ASFR13=0680h-06EFh \
  -ASFR14=0700h-076Fh -ASFR15=0780h-07EFh -ASFR16=0800h-086Fh \
  -ASFR17=0880h-08EFh -ASFR18=0900h-096Fh -ASFR19=0980h-09EFh \
  -ASFR20=0A00h-0A6Fh -ASFR21=0A80h-0AEFh -ASFR22=0B00h-0B6Fh \
  -ASFR23=0B80h-0BEFh -ASFR24=0C00h-0C6Fh -ASFR25=0C80h-0CEFh \
  -ASFR26=0D00h-0D6Fh -ASFR27=0D80h-0DEFh -ASFR28=0E00h-0E6Fh \
  -ASFR29=0E80h-0EEFh -ASFR30=0F00h-0F6Fh -ASFR31=0F80h-0FEFh \
  -preset_vec=00h,intentry=04h,init,end_init -ppowerup=CODE -pcinit=CODE \
  -pfunctab=ENTRY -ACONFIG=08007h-08008h -pconfig=CONFIG -DCONFIG=2 \
  -AIDLOC=08000h-08003h -pidloc=IDLOC -DIDLOC=2 -DCODE=2 -DSTRCODE=2 \
  -DSTRING=2 -DCONST=2 -DENTRY=2 -k /tmp/xcXsuHPhL.o \
  dist/default/production/PIC12F1572_PWM.X.production.o 

Object code version is 3.11

Machine type is 12F1572



                Name                               Link     Load   Length Selector   Space Scale
/tmp/xcXsuHPhL.o
                end_init                             8C       8C        1        8       0
                reset_vec                             0        0        1        0       0
                config                             8007     8007        2    1000E       0
dist/default/production/PIC12F1572_PWM.X.production.o
                cinit                                8D       8D        C        8       0
                intentry                              4        4       88        8       0
                text28                              440      440       25        8       0
                text27                              53F      53F       14        8       0
                text26                              22F      22F       6C        8       0
                text25                              41B      41B       25        8       0
                text24                              300      300       4E        8       0
                text22                              52A      52A       15        8       0
                text21                              49F      49F       1D        8       0
                text20                              482      482       1D        8       0
                text19                              465      465       1D        8       0
                text18                              562      562        F      AC4       0
                text17                              5A4      5A4        6      AC4       0
                text16                              4BC      4BC       18        8       0
                text15                              34E      34E       36        8       0
                text14                              18F      18F       A0        8       0
                text13                              29B      29B       65        8       0
                text12                              3D0      3D0       26        8       0
                text11                              3AA      3AA       26        8       0
                text10                              384      384       26        8       0
                text9                               3F6      3F6       25        8       0
                text8                               595      595        9      AC4       0
                text7                               58C      58C        9      AC4       0
                text6                               4EA      4EA       16        8       0
                text5                               4D4      4D4       16        8       0
                text4                               515      515       15        8       0
                text3                               500      500       15        8       0
                text2                               57F      57F        D      AC4       0
                text1                               571      571        E      AC4       0
                swtext1                             553      553        F      AA6       0
                maintext                             99       99       F6        8       0
                cstackBANK0                          20       20       26       20       1
                cstackCOMMON                         70       70        C       70       1
                cstackBANK1                          A0       A0        F       A0       1
                clrtext                             59E      59E        6      AC4       0
                dataBANK0                            53       53        1       20       1
                bssBANK0                             46       46        D       20       1
                bitbssCOMMON                        3E0       7C        2       70       1     8

TOTAL           Name                               Link     Load   Length     Space
        CLASS   STACK          

        CLASS   CODE           
                end_init                             8C       8C        1         0
                cinit                                8D       8D        C         0
                intentry                              4        4       88         0
                reset_vec                             0        0        1         0
                text28                              440      440       25         0
                text27                              53F      53F       14         0
                text26                              22F      22F       6C         0
                text25                              41B      41B       25         0
                text24                              300      300       4E         0
                text22                              52A      52A       15         0
                text21                              49F      49F       1D         0
                text20                              482      482       1D         0
                text19                              465      465       1D         0
                text18                              562      562        F         0
                text17                              5A4      5A4        6         0
                text16                              4BC      4BC       18         0
                text15                              34E      34E       36         0
                text14                              18F      18F       A0         0
                text13                              29B      29B       65         0
                text12                              3D0      3D0       26         0
                text11                              3AA      3AA       26         0
                text10                              384      384       26         0
                text9                               3F6      3F6       25         0
                text8                               595      595        9         0
                text7                               58C      58C        9         0
                text6                               4EA      4EA       16         0
                text5                               4D4      4D4       16         0
                text4                               515      515       15         0
                text3                               500      500       15         0
                text2                               57F      57F        D         0
                text1                               571      571        E         0
                maintext                             99       99       F6         0
                clrtext                             59E      59E        6         0

        CLASS   STRCODE        

        CLASS   STRING         

        CLASS   CONST          
                swtext1                             553      553        F         0

        CLASS   ENTRY          

        CLASS   COMMON         
                cstackCOMMON                         70       70        C         1
                bitbssCOMMON                        3E0       7C        2         1

        CLASS   BANK0          
                cstackBANK0                          20       20       26         1
                dataBANK0                            53       53        1         1
                bssBANK0                             46       46        D         1

        CLASS   BANK1          
                cstackBANK1                          A0       A0        F         1

        CLASS   BANK2          

        CLASS   BIGRAM         

        CLASS   RAM            

        CLASS   ABS1           
                abs_s1                               7E       7E        2         1

        CLASS   SFR0           

        CLASS   SFR1           

        CLASS   SFR2           

        CLASS   SFR3           

        CLASS   SFR4           

        CLASS   SFR5           

        CLASS   SFR6           

        CLASS   SFR7           

        CLASS   SFR8           

        CLASS   SFR9           

        CLASS   SFR10          

        CLASS   SFR11          

        CLASS   SFR12          

        CLASS   SFR13          

        CLASS   SFR14          

        CLASS   SFR15          

        CLASS   SFR16          

        CLASS   SFR17          

        CLASS   SFR18          

        CLASS   SFR19          

        CLASS   SFR20          

        CLASS   SFR21          

        CLASS   SFR22          

        CLASS   SFR23          

        CLASS   SFR24          

        CLASS   SFR25          

        CLASS   SFR26          

        CLASS   SFR27          

        CLASS   SFR28          

        CLASS   SFR29          

        CLASS   SFR30          

        CLASS   SFR31          

        CLASS   CONFIG         
                config                             8007     8007        2         0

        CLASS   IDLOC          

        CLASS   BANK31         

        CLASS   BANK30         

        CLASS   BANK29         

        CLASS   BANK28         

        CLASS   BANK27         

        CLASS   BANK26         

        CLASS   BANK25         

        CLASS   BANK24         

        CLASS   BANK23         

        CLASS   BANK22         

        CLASS   BANK21         

        CLASS   BANK20         

        CLASS   BANK19         

        CLASS   BANK18         

        CLASS   BANK17         

        CLASS   BANK16         

        CLASS   BANK15         

        CLASS   BANK14         

        CLASS   BANK13         

        CLASS   BANK12         

        CLASS   BANK11         

        CLASS   BANK10         

        CLASS   BANK9          

        CLASS   BANK8          

        CLASS   BANK7          

        CLASS   BANK6          

        CLASS   BANK5          

        CLASS   BANK4          

        CLASS   BANK3          

        CLASS   EEDATA         



SEGMENTS        Name                           Load    Length   Top    Selector   Space  Class     Delta

                reset_vec                      000000  000001  000001         0       0  CODE        2
                intentry                       000004  00054F  000553         8       0  CODE        2
                cstackBANK0                    000020  000034  000054        20       1  BANK0       1
                cstackCOMMON                   000070  00000D  00007D        70       1  COMMON      1
                cstackBANK1                    0000A0  00000F  0000AF        A0       1  BANK1       1
                swtext1                        000553  00000F  000562       AA6       0  CONST       2
                text18                         000562  000048  0005AA       AC4       0  CODE        2
                config                         008007  000002  008009     1000E       0  CONFIG      2


UNUSED ADDRESS RANGES

        Name                Unused          Largest block    Delta
        BANK0            00054-0006F              1C           1
        BANK1            000AF-000EF              41           1
        BANK2            00120-0016F              50           1
        BIGRAM           02000-020EF              F0           1
        CODE             00001-00003               3           2
                         005AA-007FF             256
        COMMON           0007D-0007D               1           1
        CONST            00001-00003               3           2
                         005AA-007FF             100
        ENTRY            00001-00003               3           2
                         005AA-007FF             100
        IDLOC            08000-08003               4           2
        RAM              00054-0006F              1C           1
                         000AF-000EF              41
                         00120-0016F              50
        SFR0             00000-0001F              20           1
        SFR1             00080-0009F              20           1
        SFR10            00500-0056F              70           1
        SFR11            00580-005EF              70           1
        SFR12            00600-0066F              70           1
        SFR13            00680-006EF              70           1
        SFR14            00700-0076F              70           1
        SFR15            00780-007EF              70           1
        SFR16            00800-0086F              70           1
        SFR17            00880-008EF              70           1
        SFR18            00900-0096F              70           1
        SFR19            00980-009EF              70           1
        SFR2             00100-0011F              20           1
        SFR20            00A00-00A6F              70           1
        SFR21            00A80-00AEF              70           1
        SFR22            00B00-00B6F              70           1
        SFR23            00B80-00BEF              70           1
        SFR24            00C00-00C6F              70           1
        SFR25            00C80-00CEF              70           1
        SFR26            00D00-00D6F              70           1
        SFR27            00D80-00DEF              70           1
        SFR28            00E00-00E6F              70           1
        SFR29            00E80-00EEF              70           1
        SFR3             00180-001EF              70           1
        SFR30            00F00-00F6F              70           1
        SFR31            00F80-00FEF              70           1
        SFR4             00200-0026F              70           1
        SFR5             00280-002EF              70           1
        SFR6             00300-0036F              70           1
        SFR7             00380-003EF              70           1
        SFR8             00400-0046F              70           1
        SFR9             00480-004EF              70           1
        STACK            0205F-020EF              91           1
        STRCODE          00001-00003               3           2
                         005AA-007FF             256
        STRING           00001-00003               3           2
                         005AA-007FF             100

                                  Symbol Table

?___aldiv                cstackBANK0  00020
?___lmul                 cstackCOMMON 00070
?___lwdiv                cstackCOMMON 00070
?___wmul                 cstackBANK1  000A0
?_adr_read               cstackCOMMON 00070
?_map                    cstackBANK0  0002E
?_millis                 cstackBANK1  000A0
BLUE_LED@duty            cstackBANK1  000A6
GREEN_LED@duty           cstackBANK1  000A6
RED_LED@duty             cstackBANK1  000A6
RGB_ON@yarc              cstackBANK1  000A9
_ADCON0                  (abs)        0009D
_ADCON1                  (abs)        0009E
_ADIF                    (abs)        0008E
_ADRESH                  (abs)        0009C
_ADRESL                  (abs)        0009B
_ANSELAbits              (abs)        0018C
_BLUE_LED                text21       0049F
_GIE                     (abs)        0005F
_GO                      (abs)        004E9
_GREEN_LED               text20       00482
_IOCAFbits               (abs)        00393
_IOCANbits               (abs)        00392
_IOCAPbits               (abs)        00391
_IOCIE                   (abs)        0005B
_IOCIF                   (abs)        00058
_ISR                     intentry     00004
_OPTION_REGbits          (abs)        00095
_OSCCONbits              (abs)        00099
_PEIE                    (abs)        0005E
_PORTAbits               (abs)        0000C
_PSA                     (abs)        004AB
_PWM1CLKCONbits          (abs)        00D9E
_PWM1CONbits             (abs)        00D9B
_PWM1DC                  (abs)        00D93
_PWM1OFCONbits           (abs)        00DA0
_PWM1PH                  (abs)        00D91
_PWM1PR                  (abs)        00D95
_PWM2CLKCONbits          (abs)        00DAE
_PWM2CONbits             (abs)        00DAB
_PWM2DC                  (abs)        00DA3
_PWM2OFCONbits           (abs)        00DB0
_PWM2PH                  (abs)        00DA1
_PWM2PR                  (abs)        00DA5
_PWM3CLKCONbits          (abs)        00DBE
_PWM3CONbits             (abs)        00DBB
_PWM3DC                  (abs)        00DB3
_PWM3OFCONbits           (abs)        00DC0
_PWM3PH                  (abs)        00DB1
_PWM3PR                  (abs)        00DB5
_RED_LED                 text19       00465
_RGB_ON                  text18       00562
_T0IE                    (abs)        0005D
_T0IF                    (abs)        0005A
_T1CKPS0                 (abs)        000C4
_T1CKPS1                 (abs)        000C5
_TMR0                    (abs)        00015
_TMR0CS                  (abs)        004AD
_TMR1CS0                 (abs)        000C6
_TMR1CS1                 (abs)        000C7
_TMR1H                   (abs)        00017
_TMR1IE                  (abs)        00488
_TMR1IF                  (abs)        00088
_TMR1L                   (abs)        00016
_TMR1ON                  (abs)        000C0
_TRISAbits               (abs)        0008C
_WPUA                    (abs)        0020C
__CFG_BOREN$OFF          (abs)        00000
__CFG_BORV$LO            (abs)        00000
__CFG_CLKOUTEN$OFF       (abs)        00000
__CFG_CP$OFF             (abs)        00000
__CFG_FOSC$INTOSC        (abs)        00000
__CFG_LPBOREN$OFF        (abs)        00000
__CFG_LVP$ON             (abs)        00000
__CFG_MCLRE$OFF          (abs)        00000
__CFG_PLLEN$OFF          (abs)        00000
__CFG_PWRTE$OFF          (abs)        00000
__CFG_STVREN$ON          (abs)        00000
__CFG_WDTE$OFF           (abs)        00000
__CFG_WRT$OFF            (abs)        00000
__Habs1                  abs1         00000
__Hbank0                 bank0        00000
__Hbank1                 bank1        00000
__Hbank10                bank10       00000
__Hbank11                bank11       00000
__Hbank12                bank12       00000
__Hbank13                bank13       00000
__Hbank14                bank14       00000
__Hbank15                bank15       00000
__Hbank16                bank16       00000
__Hbank17                bank17       00000
__Hbank18                bank18       00000
__Hbank19                bank19       00000
__Hbank2                 bank2        00000
__Hbank20                bank20       00000
__Hbank21                bank21       00000
__Hbank22                bank22       00000
__Hbank23                bank23       00000
__Hbank24                bank24       00000
__Hbank25                bank25       00000
__Hbank26                bank26       00000
__Hbank27                bank27       00000
__Hbank28                bank28       00000
__Hbank29                bank29       00000
__Hbank3                 bank3        00000
__Hbank30                bank30       00000
__Hbank31                bank31       00000
__Hbank4                 bank4        00000
__Hbank5                 bank5        00000
__Hbank6                 bank6        00000
__Hbank7                 bank7        00000
__Hbank8                 bank8        00000
__Hbank9                 bank9        00000
__Hbigram                bigram       00000
__HbitbssCOMMON          bitbssCOMMON 00000
__HbssBANK0              bssBANK0     00000
__Hcinit                 cinit        00099
__Hclrtext               clrtext      00000
__Hcode                  code         00000
__Hcommon                common       00000
__Hconfig                config       08009
__HcstackBANK0           cstackBANK0  00000
__HcstackBANK1           cstackBANK1  00000
__HcstackCOMMON          cstackCOMMON 00000
__HdataBANK0             dataBANK0    00000
__Heeprom_data           eeprom_data  00000
__Hend_init              end_init     0008D
__Hfunctab               functab      00000
__HidataBANK0            idataBANK0   00000
__Hidloc                 idloc        00000
__Hinit                  init         0008C
__Hintentry              intentry     0008C
__Hmaintext              maintext     00000
__Hpowerup               powerup      00000
__Hram                   ram          00000
__Hreset_vec             reset_vec    00001
__Hsfr0                  sfr0         00000
__Hsfr1                  sfr1         00000
__Hsfr10                 sfr10        00000
__Hsfr11                 sfr11        00000
__Hsfr12                 sfr12        00000
__Hsfr13                 sfr13        00000
__Hsfr14                 sfr14        00000
__Hsfr15                 sfr15        00000
__Hsfr16                 sfr16        00000
__Hsfr17                 sfr17        00000
__Hsfr18                 sfr18        00000
__Hsfr19                 sfr19        00000
__Hsfr2                  sfr2         00000
__Hsfr20                 sfr20        00000
__Hsfr21                 sfr21        00000
__Hsfr22                 sfr22        00000
__Hsfr23                 sfr23        00000
__Hsfr24                 sfr24        00000
__Hsfr25                 sfr25        00000
__Hsfr26                 sfr26        00000
__Hsfr27                 sfr27        00000
__Hsfr28                 sfr28        00000
__Hsfr29                 sfr29        00000
__Hsfr3                  sfr3         00000
__Hsfr30                 sfr30        00000
__Hsfr31                 sfr31        00000
__Hsfr4                  sfr4         00000
__Hsfr5                  sfr5         00000
__Hsfr6                  sfr6         00000
__Hsfr7                  sfr7         00000
__Hsfr8                  sfr8         00000
__Hsfr9                  sfr9         00000
__Hspace_0               (abs)        08009
__Hspace_1               (abs)        003E2
__Hspace_2               (abs)        00000
__Hspace_3               (abs)        00000
__Hstack                 stack        00000
__Hstrings               strings      00000
__Htext                  text         00000
__Labs1                  abs1         00000
__Lbank0                 bank0        00000
__Lbank1                 bank1        00000
__Lbank10                bank10       00000
__Lbank11                bank11       00000
__Lbank12                bank12       00000
__Lbank13                bank13       00000
__Lbank14                bank14       00000
__Lbank15                bank15       00000
__Lbank16                bank16       00000
__Lbank17                bank17       00000
__Lbank18                bank18       00000
__Lbank19                bank19       00000
__Lbank2                 bank2        00000
__Lbank20                bank20       00000
__Lbank21                bank21       00000
__Lbank22                bank22       00000
__Lbank23                bank23       00000
__Lbank24                bank24       00000
__Lbank25                bank25       00000
__Lbank26                bank26       00000
__Lbank27                bank27       00000
__Lbank28                bank28       00000
__Lbank29                bank29       00000
__Lbank3                 bank3        00000
__Lbank30                bank30       00000
__Lbank31                bank31       00000
__Lbank4                 bank4        00000
__Lbank5                 bank5        00000
__Lbank6                 bank6        00000
__Lbank7                 bank7        00000
__Lbank8                 bank8        00000
__Lbank9                 bank9        00000
__Lbigram                bigram       00000
__LbitbssCOMMON          bitbssCOMMON 00000
__LbssBANK0              bssBANK0     00000
__Lcinit                 cinit        0008D
__Lclrtext               clrtext      00000
__Lcode                  code         00000
__Lcommon                common       00000
__Lconfig                config       08007
__LcstackBANK0           cstackBANK0  00000
__LcstackBANK1           cstackBANK1  00000
__LcstackCOMMON          cstackCOMMON 00000
__LdataBANK0             dataBANK0    00000
__Leeprom_data           eeprom_data  00000
__Lend_init              end_init     0008C
__Lfunctab               functab      00000
__LidataBANK0            idataBANK0   00000
__Lidloc                 idloc        00000
__Linit                  init         0008C
__Lintentry              intentry     00004
__Lmaintext              maintext     00000
__Lpowerup               powerup      00000
__Lram                   ram          00000
__Lreset_vec             reset_vec    00000
__Lsfr0                  sfr0         00000
__Lsfr1                  sfr1         00000
__Lsfr10                 sfr10        00000
__Lsfr11                 sfr11        00000
__Lsfr12                 sfr12        00000
__Lsfr13                 sfr13        00000
__Lsfr14                 sfr14        00000
__Lsfr15                 sfr15        00000
__Lsfr16                 sfr16        00000
__Lsfr17                 sfr17        00000
__Lsfr18                 sfr18        00000
__Lsfr19                 sfr19        00000
__Lsfr2                  sfr2         00000
__Lsfr20                 sfr20        00000
__Lsfr21                 sfr21        00000
__Lsfr22                 sfr22        00000
__Lsfr23                 sfr23        00000
__Lsfr24                 sfr24        00000
__Lsfr25                 sfr25        00000
__Lsfr26                 sfr26        00000
__Lsfr27                 sfr27        00000
__Lsfr28                 sfr28        00000
__Lsfr29                 sfr29        00000
__Lsfr3                  sfr3         00000
__Lsfr30                 sfr30        00000
__Lsfr31                 sfr31        00000
__Lsfr4                  sfr4         00000
__Lsfr5                  sfr5         00000
__Lsfr6                  sfr6         00000
__Lsfr7                  sfr7         00000
__Lsfr8                  sfr8         00000
__Lsfr9                  sfr9         00000
__Lspace_0               (abs)        00000
__Lspace_1               (abs)        00000
__Lspace_2               (abs)        00000
__Lspace_3               (abs)        00000
__Lstack                 stack        00000
__Lstrings               strings      00000
__Ltext                  text         00000
__S0                     (abs)        08009
__S1                     (abs)        000AF
__S2                     (abs)        00000
___aldiv                 text26       0022F
___aldiv@counter         cstackBANK0  00028
___aldiv@dividend        cstackBANK0  00024
___aldiv@divisor         cstackBANK0  00020
___aldiv@quotient        cstackBANK0  0002A
___aldiv@sign            cstackBANK0  00029
___int_sp                stack        00000
___latbits               (abs)        00000
___lmul                  text25       0041B
___lmul@multiplicand     cstackCOMMON 00074
___lmul@multiplier       cstackCOMMON 00070
___lmul@product          cstackCOMMON 00078
___lwdiv                 text28       00440
___lwdiv@counter         cstackCOMMON 00076
___lwdiv@dividend        cstackCOMMON 00072
___lwdiv@divisor         cstackCOMMON 00070
___lwdiv@quotient        cstackCOMMON 00074
___sp                    stack        00000
___stackhi               (abs)        020EF
___stacklo               (abs)        0205F
___wmul                  text22       0052A
___wmul@multiplicand     cstackBANK1  000A2
___wmul@multiplier       cstackBANK1  000A0
___wmul@product          cstackBANK1  000A4
__end_of_BLUE_LED        text21       004BC
__end_of_GREEN_LED       text20       0049F
__end_of_ISR             intentry     0008C
__end_of_RED_LED         text19       00482
__end_of_RGB_ON          text18       00571
__end_of___aldiv         text26       0029B
__end_of___lmul          text25       00440
__end_of___lwdiv         text28       00465
__end_of___wmul          text22       0053F
__end_of__initialization cinit        00096
__end_of_adc_setup       text17       005AA
__end_of_adr_read        text27       00553
__end_of_begogon1        text15       00384
__end_of_begogon2        text14       0022F
__end_of_begogon3        text13       00300
__end_of_begogonBR       text12       003F6
__end_of_begogonGB       text11       003D0
__end_of_begogonGR       text10       003AA
__end_of_delay_ms        text16       004D4
__end_of_main            maintext     0018F
__end_of_map             text24       0034E
__end_of_miganie         text9        0041B
__end_of_millis          text8        0059E
__end_of_osc_setup       text7        00595
__end_of_port_setup      text6        00500
__end_of_pwm1_init       text5        004EA
__end_of_pwm2_init       text4        0052A
__end_of_pwm3_init       text3        00515
__end_of_tmr0_init       text2        0058C
__end_of_tmr1_init       text1        0057F
__initialization         cinit        0008D
__pbitbssCOMMON          bitbssCOMMON 003E0
__pbssBANK0              bssBANK0     00046
__pcstackBANK0           cstackBANK0  00020
__pcstackBANK1           cstackBANK1  000A0
__pcstackCOMMON          cstackCOMMON 00070
__pdataBANK0             dataBANK0    00053
__pidataBANK0            idataBANK0   00000
__pintentry              intentry     00004
__pmaintext              maintext     00099
__pswtext1               swtext1      00553
__ptext1                 text1        00571
__ptext10                text10       00384
__ptext11                text11       003AA
__ptext12                text12       003D0
__ptext13                text13       0029B
__ptext14                text14       0018F
__ptext15                text15       0034E
__ptext16                text16       004BC
__ptext17                text17       005A4
__ptext18                text18       00562
__ptext19                text19       00465
__ptext2                 text2        0057F
__ptext20                text20       00482
__ptext21                text21       0049F
__ptext22                text22       0052A
__ptext24                text24       00300
__ptext25                text25       0041B
__ptext26                text26       0022F
__ptext27                text27       0053F
__ptext28                text28       00440
__ptext3                 text3        00500
__ptext4                 text4        00515
__ptext5                 text5        004D4
__ptext6                 text6        004EA
__ptext7                 text7        0058C
__ptext8                 text8        00595
__ptext9                 text9        003F6
__size_of_BLUE_LED       (abs)        00000
__size_of_GREEN_LED      (abs)        00000
__size_of_ISR            (abs)        00000
__size_of_RED_LED        (abs)        00000
__size_of_RGB_ON         (abs)        00000
__size_of___aldiv        (abs)        00000
__size_of___lmul         (abs)        00000
__size_of___lwdiv        (abs)        00000
__size_of___wmul         (abs)        00000
__size_of_adc_setup      (abs)        00000
__size_of_adr_read       (abs)        00000
__size_of_begogon1       (abs)        00000
__size_of_begogon2       (abs)        00000
__size_of_begogon3       (abs)        00000
__size_of_begogonBR      (abs)        00000
__size_of_begogonGB      (abs)        00000
__size_of_begogonGR      (abs)        00000
__size_of_delay_ms       (abs)        00000
__size_of_main           (abs)        00000
__size_of_map            (abs)        00000
__size_of_miganie        (abs)        00000
__size_of_millis         (abs)        00000
__size_of_osc_setup      (abs)        00000
__size_of_port_setup     (abs)        00000
__size_of_pwm1_init      (abs)        00000
__size_of_pwm2_init      (abs)        00000
__size_of_pwm3_init      (abs)        00000
__size_of_tmr0_init      (abs)        00000
__size_of_tmr1_init      (abs)        00000
_adc_setup               text17       005A4
_adr_read                text27       0053F
_begogon1                text15       0034E
_begogon2                text14       0018F
_begogon3                text13       0029B
_begogonBR               text12       003D0
_begogonGB               text11       003AA
_begogonGR               text10       00384
_break_del               bitbssCOMMON 003E0
_brightness              bssBANK0     0004E
_btn_mode                dataBANK0    00053
_btn_ok                  bitbssCOMMON 003E1
_delay_ms                text16       004BC
_main                    maintext     00099
_map                     text24       00300
_miganie                 text9        003F6
_millis                  text8        00595
_millis_count            bssBANK0     00048
_osc_setup               text7        0058C
_pause                   bssBANK0     0004C
_port_setup              text6        004EA
_pwm1_init               text5        004D4
_pwm2_init               text4        00515
_pwm3_init               text3        00500
_result                  bssBANK0     00050
_result_old              bssBANK0     0004A
_tim1_cnt                bssBANK0     00052
_time1                   bssBANK0     00046
_tmr0_init               text2        0057F
_tmr1_init               text1        00571
adr_read@adc_result      cstackCOMMON 00074
begogon1@del             cstackBANK1  000A9
begogon2@count1          cstackBANK1  000AB
begogon2@del             cstackBANK1  000A9
begogon3@count_down      cstackBANK1  000AB
begogon3@count_up        cstackBANK1  000AC
begogon3@del             cstackBANK1  000A9
begogonBR@del            cstackBANK1  000A9
begogonGB@del            cstackBANK1  000A9
begogonGR@del            cstackBANK1  000A9
btemp                    (abs)        0007E
clear_ram0               clrtext      0059E
delay_ms@milliseconds    cstackBANK1  000A0
end_of_initialization    cinit        00096
int$flags                (abs)        0007E
intlevel0                functab      00000
intlevel1                functab      00000
intlevel2                functab      00000
intlevel3                functab      00000
intlevel4                functab      00000
intlevel5                functab      00000
map@in_max               cstackBANK0  00036
map@in_min               cstackBANK0  00032
map@out_max              cstackBANK0  0003E
map@out_min              cstackBANK0  0003A
map@x                    cstackBANK0  0002E
miganie@del              cstackBANK1  000A9
reset_vec                reset_vec    00000
start                    init         0008C
start_initialization     cinit        0008D
wtemp0                   (abs)        0007E


FUNCTION INFORMATION:

 *************** function _main *****************
 Defined at:
		line 390 in file "main.c"
 Parameters:    Size  Location     Type
		None
 Auto vars:     Size  Location     Type
		None
 Return value:  Size  Location     Type
                  1    wreg      void 
 Registers used:
		wreg, fsr0l, fsr0h, status,2, status,0, pclath, cstack
 Tracked objects:
		On entry : 
		On exit  : 
		Unchanged: 
 Data sizes:     COMMON   BANK0   BANK1   BANK2
      Params:         0       0       0       0
      Locals:         0       0       0       0
      Temps:          0       0       2       0
      Totals:         0       0       2       0
Total ram usage:        2 bytes
 Hardware stack levels required when called:    6
 This function calls:
		_BLUE_LED
		_GREEN_LED
		_RED_LED
		_RGB_ON
		_adc_setup
		_begogon1
		_begogon2
		_begogon3
		_begogonBR
		_begogonGB
		_begogonGR
		_miganie
		_millis
		_osc_setup
		_port_setup
		_pwm1_init
		_pwm2_init
		_pwm3_init
		_tmr0_init
		_tmr1_init
 This function is called by:
		Startup code after reset
 This function uses a non-reentrant model


 *************** function _tmr1_init *****************
 Defined at:
		line 87 in file "main.c"
 Parameters:    Size  Location     Type
		None
 Auto vars:     Size  Location     Type
		None
 Return value:  Size  Location     Type
                  1    wreg      void 
 Registers used:
		status,2
 Tracked objects:
		On entry : 
		On exit  : 
		Unchanged: 
 Data sizes:     COMMON   BANK0   BANK1   BANK2
      Params:         0       0       0       0
      Locals:         0       0       0       0
      Temps:          0       0       0       0
      Totals:         0       0       0       0
Total ram usage:        0 bytes
 Hardware stack levels used:    1
 Hardware stack levels required when called:    3
 This function calls:
		Nothing
 This function is called by:
		_main
 This function uses a non-reentrant model


 *************** function _tmr0_init *****************
 Defined at:
		line 74 in file "main.c"
 Parameters:    Size  Location     Type
		None
 Auto vars:     Size  Location     Type
		None
 Return value:  Size  Location     Type
                  1    wreg      void 
 Registers used:
		wreg
 Tracked objects:
		On entry : 
		On exit  : 
		Unchanged: 
 Data sizes:     COMMON   BANK0   BANK1   BANK2
      Params:         0       0       0       0
      Locals:         0       0       0       0
      Temps:          0       0       0       0
      Totals:         0       0       0       0
Total ram usage:        0 bytes
 Hardware stack levels used:    1
 Hardware stack levels required when called:    3
 This function calls:
		Nothing
 This function is called by:
		_main
 This function uses a non-reentrant model


 *************** function _pwm3_init *****************
 Defined at:
		line 155 in file "main.c"
 Parameters:    Size  Location     Type
		None
 Auto vars:     Size  Location     Type
		None
 Return value:  Size  Location     Type
                  1    wreg      void 
 Registers used:
		status,2
 Tracked objects:
		On entry : 
		On exit  : 
		Unchanged: 
 Data sizes:     COMMON   BANK0   BANK1   BANK2
      Params:         0       0       0       0
      Locals:         0       0       0       0
      Temps:          0       0       0       0
      Totals:         0       0       0       0
Total ram usage:        0 bytes
 Hardware stack levels used:    1
 Hardware stack levels required when called:    3
 This function calls:
		Nothing
 This function is called by:
		_main
 This function uses a non-reentrant model


 *************** function _pwm2_init *****************
 Defined at:
		line 107 in file "main.c"
 Parameters:    Size  Location     Type
		None
 Auto vars:     Size  Location     Type
		None
 Return value:  Size  Location     Type
                  1    wreg      void 
 Registers used:
		status,2
 Tracked objects:
		On entry : 
		On exit  : 
		Unchanged: 
 Data sizes:     COMMON   BANK0   BANK1   BANK2
      Params:         0       0       0       0
      Locals:         0       0       0       0
      Temps:          0       0       0       0
      Totals:         0       0       0       0
Total ram usage:        0 bytes
 Hardware stack levels used:    1
 Hardware stack levels required when called:    3
 This function calls:
		Nothing
 This function is called by:
		_main
 This function uses a non-reentrant model


 *************** function _pwm1_init *****************
 Defined at:
		line 131 in file "main.c"
 Parameters:    Size  Location     Type
		None
 Auto vars:     Size  Location     Type
		None
 Return value:  Size  Location     Type
                  1    wreg      void 
 Registers used:
		status,2
 Tracked objects:
		On entry : 
		On exit  : 
		Unchanged: 
 Data sizes:     COMMON   BANK0   BANK1   BANK2
      Params:         0       0       0       0
      Locals:         0       0       0       0
      Temps:          0       0       0       0
      Totals:         0       0       0       0
Total ram usage:        0 bytes
 Hardware stack levels used:    1
 Hardware stack levels required when called:    3
 This function calls:
		Nothing
 This function is called by:
		_main
 This function uses a non-reentrant model


 *************** function _port_setup *****************
 Defined at:
		line 204 in file "main.c"
 Parameters:    Size  Location     Type
		None
 Auto vars:     Size  Location     Type
		None
 Return value:  Size  Location     Type
                  1    wreg      void 
 Registers used:
		status,2
 Tracked objects:
		On entry : 
		On exit  : 
		Unchanged: 
 Data sizes:     COMMON   BANK0   BANK1   BANK2
      Params:         0       0       0       0
      Locals:         0       0       0       0
      Temps:          0       0       0       0
      Totals:         0       0       0       0
Total ram usage:        0 bytes
 Hardware stack levels used:    1
 Hardware stack levels required when called:    3
 This function calls:
		Nothing
 This function is called by:
		_main
 This function uses a non-reentrant model


 *************** function _osc_setup *****************
 Defined at:
		line 43 in file "main.c"
 Parameters:    Size  Location     Type
		None
 Auto vars:     Size  Location     Type
		None
 Return value:  Size  Location     Type
                  1    wreg      void 
 Registers used:
		None
 Tracked objects:
		On entry : 
		On exit  : 
		Unchanged: 
 Data sizes:     COMMON   BANK0   BANK1   BANK2
      Params:         0       0       0       0
      Locals:         0       0       0       0
      Temps:          0       0       0       0
      Totals:         0       0       0       0
Total ram usage:        0 bytes
 Hardware stack levels used:    1
 Hardware stack levels required when called:    3
 This function calls:
		Nothing
 This function is called by:
		_main
 This function uses a non-reentrant model


 *************** function _millis *****************
 Defined at:
		line 70 in file "main.c"
 Parameters:    Size  Location     Type
		None
 Auto vars:     Size  Location     Type
		None
 Return value:  Size  Location     Type
                  2    0[BANK1 ] unsigned int 
 Registers used:
		wreg
 Tracked objects:
		On entry : 
		On exit  : 
		Unchanged: 
 Data sizes:     COMMON   BANK0   BANK1   BANK2
      Params:         0       0       2       0
      Locals:         0       0       0       0
      Temps:          0       0       0       0
      Totals:         0       0       2       0
Total ram usage:        2 bytes
 Hardware stack levels used:    1
 Hardware stack levels required when called:    3
 This function calls:
		Nothing
 This function is called by:
		_main
 This function uses a non-reentrant model


 *************** function _miganie *****************
 Defined at:
		line 251 in file "main.c"
 Parameters:    Size  Location     Type
  del             2    9[BANK1 ] unsigned short 
 Auto vars:     Size  Location     Type
		None
 Return value:  Size  Location     Type
                  1    wreg      void 
 Registers used:
		wreg, status,2, status,0, pclath, cstack
 Tracked objects:
		On entry : 
		On exit  : 
		Unchanged: 
 Data sizes:     COMMON   BANK0   BANK1   BANK2
      Params:         0       0       2       0
      Locals:         0       0       0       0
      Temps:          0       0       0       0
      Totals:         0       0       2       0
Total ram usage:        2 bytes
 Hardware stack levels used:    1
 Hardware stack levels required when called:    5
 This function calls:
		_BLUE_LED
		_GREEN_LED
		_RED_LED
		_delay_ms
 This function is called by:
		_main
 This function uses a non-reentrant model


 *************** function _begogonGR *****************
 Defined at:
		line 371 in file "main.c"
 Parameters:    Size  Location     Type
  del             2    9[BANK1 ] unsigned short 
 Auto vars:     Size  Location     Type
		None
 Return value:  Size  Location     Type
                  1    wreg      void 
 Registers used:
		wreg, status,2, status,0, pclath, cstack
 Tracked objects:
		On entry : 
		On exit  : 
		Unchanged: 
 Data sizes:     COMMON   BANK0   BANK1   BANK2
      Params:         0       0       2       0
      Locals:         0       0       0       0
      Temps:          0       0       0       0
      Totals:         0       0       2       0
Total ram usage:        2 bytes
 Hardware stack levels used:    1
 Hardware stack levels required when called:    5
 This function calls:
		_BLUE_LED
		_GREEN_LED
		_RED_LED
		_delay_ms
 This function is called by:
		_main
 This function uses a non-reentrant model


 *************** function _begogonGB *****************
 Defined at:
		line 349 in file "main.c"
 Parameters:    Size  Location     Type
  del             2    9[BANK1 ] unsigned short 
 Auto vars:     Size  Location     Type
		None
 Return value:  Size  Location     Type
                  1    wreg      void 
 Registers used:
		wreg, status,2, status,0, pclath, cstack
 Tracked objects:
		On entry : 
		On exit  : 
		Unchanged: 
 Data sizes:     COMMON   BANK0   BANK1   BANK2
      Params:         0       0       2       0
      Locals:         0       0       0       0
      Temps:          0       0       0       0
      Totals:         0       0       2       0
Total ram usage:        2 bytes
 Hardware stack levels used:    1
 Hardware stack levels required when called:    5
 This function calls:
		_BLUE_LED
		_GREEN_LED
		_RED_LED
		_delay_ms
 This function is called by:
		_main
 This function uses a non-reentrant model


 *************** function _begogonBR *****************
 Defined at:
		line 360 in file "main.c"
 Parameters:    Size  Location     Type
  del             2    9[BANK1 ] unsigned short 
 Auto vars:     Size  Location     Type
		None
 Return value:  Size  Location     Type
                  1    wreg      void 
 Registers used:
		wreg, status,2, status,0, pclath, cstack
 Tracked objects:
		On entry : 
		On exit  : 
		Unchanged: 
 Data sizes:     COMMON   BANK0   BANK1   BANK2
      Params:         0       0       2       0
      Locals:         0       0       0       0
      Temps:          0       0       0       0
      Totals:         0       0       2       0
Total ram usage:        2 bytes
 Hardware stack levels used:    1
 Hardware stack levels required when called:    5
 This function calls:
		_BLUE_LED
		_GREEN_LED
		_RED_LED
		_delay_ms
 This function is called by:
		_main
 This function uses a non-reentrant model


 *************** function _begogon3 *****************
 Defined at:
		line 317 in file "main.c"
 Parameters:    Size  Location     Type
  del             2    9[BANK1 ] unsigned short 
 Auto vars:     Size  Location     Type
  count_up        1   12[BANK1 ] unsigned char 
  count_down      1   11[BANK1 ] unsigned char 
 Return value:  Size  Location     Type
                  1    wreg      void 
 Registers used:
		wreg, status,2, status,0, pclath, cstack
 Tracked objects:
		On entry : 
		On exit  : 
		Unchanged: 
 Data sizes:     COMMON   BANK0   BANK1   BANK2
      Params:         0       0       2       0
      Locals:         0       0       2       0
      Temps:          0       0       0       0
      Totals:         0       0       4       0
Total ram usage:        4 bytes
 Hardware stack levels used:    1
 Hardware stack levels required when called:    5
 This function calls:
		_BLUE_LED
		_GREEN_LED
		_RED_LED
		_delay_ms
 This function is called by:
		_main
 This function uses a non-reentrant model


 *************** function _begogon2 *****************
 Defined at:
		line 283 in file "main.c"
 Parameters:    Size  Location     Type
  del             2    9[BANK1 ] unsigned short 
 Auto vars:     Size  Location     Type
  count1          2   11[BANK1 ] unsigned short 
 Return value:  Size  Location     Type
                  1    wreg      void 
 Registers used:
		wreg, status,2, status,0, pclath, cstack
 Tracked objects:
		On entry : 
		On exit  : 
		Unchanged: 
 Data sizes:     COMMON   BANK0   BANK1   BANK2
      Params:         0       0       2       0
      Locals:         0       0       2       0
      Temps:          0       0       0       0
      Totals:         0       0       4       0
Total ram usage:        4 bytes
 Hardware stack levels used:    1
 Hardware stack levels required when called:    5
 This function calls:
		_BLUE_LED
		_GREEN_LED
		_RED_LED
		_delay_ms
 This function is called by:
		_main
 This function uses a non-reentrant model


 *************** function _begogon1 *****************
 Defined at:
		line 265 in file "main.c"
 Parameters:    Size  Location     Type
  del             2    9[BANK1 ] unsigned short 
 Auto vars:     Size  Location     Type
		None
 Return value:  Size  Location     Type
                  1    wreg      void 
 Registers used:
		wreg, status,2, status,0, pclath, cstack
 Tracked objects:
		On entry : 
		On exit  : 
		Unchanged: 
 Data sizes:     COMMON   BANK0   BANK1   BANK2
      Params:         0       0       2       0
      Locals:         0       0       0       0
      Temps:          0       0       0       0
      Totals:         0       0       2       0
Total ram usage:        2 bytes
 Hardware stack levels used:    1
 Hardware stack levels required when called:    5
 This function calls:
		_BLUE_LED
		_GREEN_LED
		_RED_LED
		_delay_ms
 This function is called by:
		_main
 This function uses a non-reentrant model


 *************** function _delay_ms *****************
 Defined at:
		line 33 in file "main.c"
 Parameters:    Size  Location     Type
  milliseconds    2    0[BANK1 ] unsigned short 
 Auto vars:     Size  Location     Type
		None
 Return value:  Size  Location     Type
                  1    wreg      void 
 Registers used:
		wreg, status,2, status,0
 Tracked objects:
		On entry : 
		On exit  : 
		Unchanged: 
 Data sizes:     COMMON   BANK0   BANK1   BANK2
      Params:         0       0       2       0
      Locals:         0       0       0       0
      Temps:          0       0       1       0
      Totals:         0       0       3       0
Total ram usage:        3 bytes
 Hardware stack levels used:    1
 Hardware stack levels required when called:    3
 This function calls:
		Nothing
 This function is called by:
		_miganie
		_begogon1
		_begogon2
		_begogon3
		_begogonGB
		_begogonBR
		_begogonGR
 This function uses a non-reentrant model


 *************** function _adc_setup *****************
 Defined at:
		line 226 in file "main.c"
 Parameters:    Size  Location     Type
		None
 Auto vars:     Size  Location     Type
		None
 Return value:  Size  Location     Type
                  1    wreg      void 
 Registers used:
		wreg
 Tracked objects:
		On entry : 
		On exit  : 
		Unchanged: 
 Data sizes:     COMMON   BANK0   BANK1   BANK2
      Params:         0       0       0       0
      Locals:         0       0       0       0
      Temps:          0       0       0       0
      Totals:         0       0       0       0
Total ram usage:        0 bytes
 Hardware stack levels used:    1
 Hardware stack levels required when called:    3
 This function calls:
		Nothing
 This function is called by:
		_main
 This function uses a non-reentrant model


 *************** function _RGB_ON *****************
 Defined at:
		line 383 in file "main.c"
 Parameters:    Size  Location     Type
  yarc            1    wreg     unsigned char 
 Auto vars:     Size  Location     Type
  yarc            1    9[BANK1 ] unsigned char 
 Return value:  Size  Location     Type
                  1    wreg      void 
 Registers used:
		wreg, status,2, status,0, pclath, cstack
 Tracked objects:
		On entry : 
		On exit  : 
		Unchanged: 
 Data sizes:     COMMON   BANK0   BANK1   BANK2
      Params:         0       0       0       0
      Locals:         0       0       1       0
      Temps:          0       0       0       0
      Totals:         0       0       1       0
Total ram usage:        1 bytes
 Hardware stack levels used:    1
 Hardware stack levels required when called:    5
 This function calls:
		_BLUE_LED
		_GREEN_LED
		_RED_LED
 This function is called by:
		_main
 This function uses a non-reentrant model


 *************** function _RED_LED *****************
 Defined at:
		line 179 in file "main.c"
 Parameters:    Size  Location     Type
  duty            2    6[BANK1 ] unsigned short 
 Auto vars:     Size  Location     Type
		None
 Return value:  Size  Location     Type
                  1    wreg      void 
 Registers used:
		wreg, status,2, status,0, pclath, cstack
 Tracked objects:
		On entry : 
		On exit  : 
		Unchanged: 
 Data sizes:     COMMON   BANK0   BANK1   BANK2
      Params:         0       0       2       0
      Locals:         0       0       0       0
      Temps:          0       0       1       0
      Totals:         0       0       3       0
Total ram usage:        3 bytes
 Hardware stack levels used:    1
 Hardware stack levels required when called:    4
 This function calls:
		___wmul
 This function is called by:
		_miganie
		_begogon1
		_begogon2
		_begogon3
		_begogonGB
		_begogonBR
		_begogonGR
		_RGB_ON
		_main
 This function uses a non-reentrant model


 *************** function _GREEN_LED *****************
 Defined at:
		line 187 in file "main.c"
 Parameters:    Size  Location     Type
  duty            2    6[BANK1 ] unsigned short 
 Auto vars:     Size  Location     Type
		None
 Return value:  Size  Location     Type
                  1    wreg      void 
 Registers used:
		wreg, status,2, status,0, pclath, cstack
 Tracked objects:
		On entry : 
		On exit  : 
		Unchanged: 
 Data sizes:     COMMON   BANK0   BANK1   BANK2
      Params:         0       0       2       0
      Locals:         0       0       0       0
      Temps:          0       0       1       0
      Totals:         0       0       3       0
Total ram usage:        3 bytes
 Hardware stack levels used:    1
 Hardware stack levels required when called:    4
 This function calls:
		___wmul
 This function is called by:
		_miganie
		_begogon1
		_begogon2
		_begogon3
		_begogonGB
		_begogonBR
		_begogonGR
		_RGB_ON
		_main
 This function uses a non-reentrant model


 *************** function _BLUE_LED *****************
 Defined at:
		line 195 in file "main.c"
 Parameters:    Size  Location     Type
  duty            2    6[BANK1 ] unsigned short 
 Auto vars:     Size  Location     Type
		None
 Return value:  Size  Location     Type
                  1    wreg      void 
 Registers used:
		wreg, status,2, status,0, pclath, cstack
 Tracked objects:
		On entry : 
		On exit  : 
		Unchanged: 
 Data sizes:     COMMON   BANK0   BANK1   BANK2
      Params:         0       0       2       0
      Locals:         0       0       0       0
      Temps:          0       0       1       0
      Totals:         0       0       3       0
Total ram usage:        3 bytes
 Hardware stack levels used:    1
 Hardware stack levels required when called:    4
 This function calls:
		___wmul
 This function is called by:
		_miganie
		_begogon1
		_begogon2
		_begogon3
		_begogonGB
		_begogonBR
		_begogonGR
		_RGB_ON
		_main
 This function uses a non-reentrant model


 *************** function ___wmul *****************
 Defined at:
		line 15 in file "/opt/microchip/xc8/v2.10/pic/sources/c99/common/Umul16.c"
 Parameters:    Size  Location     Type
  multiplier      2    0[BANK1 ] unsigned int 
  multiplicand    2    2[BANK1 ] unsigned int 
 Auto vars:     Size  Location     Type
  product         2    4[BANK1 ] unsigned int 
 Return value:  Size  Location     Type
                  2    0[BANK1 ] unsigned int 
 Registers used:
		wreg, status,2, status,0
 Tracked objects:
		On entry : 
		On exit  : 
		Unchanged: 
 Data sizes:     COMMON   BANK0   BANK1   BANK2
      Params:         0       0       4       0
      Locals:         0       0       2       0
      Temps:          0       0       0       0
      Totals:         0       0       6       0
Total ram usage:        6 bytes
 Hardware stack levels used:    1
 Hardware stack levels required when called:    3
 This function calls:
		Nothing
 This function is called by:
		_RED_LED
		_GREEN_LED
		_BLUE_LED
 This function uses a non-reentrant model


 *************** function _ISR *****************
 Defined at:
		line 453 in file "main.c"
 Parameters:    Size  Location     Type
		None
 Auto vars:     Size  Location     Type
		None
 Return value:  Size  Location     Type
                  1    wreg      void 
 Registers used:
		wreg, status,2, status,0, pclath, cstack
 Tracked objects:
		On entry : 
		On exit  : 
		Unchanged: 
 Data sizes:     COMMON   BANK0   BANK1   BANK2
      Params:         0       0       0       0
      Locals:         0       0       0       0
      Temps:          0       0       0       0
      Totals:         0       0       0       0
Total ram usage:        0 bytes
 Hardware stack levels used:    1
 Hardware stack levels required when called:    2
 This function calls:
		___lwdiv
		_adr_read
		_map
 This function is called by:
		Interrupt level 1
 This function uses a non-reentrant model


 *************** function _map *****************
 Defined at:
		line 245 in file "main.c"
 Parameters:    Size  Location     Type
  x               4   14[BANK0 ] long 
  in_min          4   18[BANK0 ] long 
  in_max          4   22[BANK0 ] long 
  out_min         4   26[BANK0 ] long 
  out_max         4   30[BANK0 ] long 
 Auto vars:     Size  Location     Type
		None
 Return value:  Size  Location     Type
                  4   14[BANK0 ] long 
 Registers used:
		wreg, status,2, status,0, pclath, cstack
 Tracked objects:
		On entry : 
		On exit  : 
		Unchanged: 
 Data sizes:     COMMON   BANK0   BANK1   BANK2
      Params:         0      20       0       0
      Locals:         0       0       0       0
      Temps:          0       4       0       0
      Totals:         0      24       0       0
Total ram usage:       24 bytes
 Hardware stack levels used:    1
 Hardware stack levels required when called:    1
 This function calls:
		___aldiv
		___lmul
 This function is called by:
		_ISR
 This function uses a non-reentrant model


 *************** function ___lmul *****************
 Defined at:
		line 15 in file "/opt/microchip/xc8/v2.10/pic/sources/c99/common/Umul32.c"
 Parameters:    Size  Location     Type
  multiplier      4    0[COMMON] unsigned long 
  multiplicand    4    4[COMMON] unsigned long 
 Auto vars:     Size  Location     Type
  product         4    8[COMMON] unsigned long 
 Return value:  Size  Location     Type
                  4    0[COMMON] unsigned long 
 Registers used:
		wreg, status,2, status,0
 Tracked objects:
		On entry : 
		On exit  : 
		Unchanged: 
 Data sizes:     COMMON   BANK0   BANK1   BANK2
      Params:         8       0       0       0
      Locals:         4       0       0       0
      Temps:          0       0       0       0
      Totals:        12       0       0       0
Total ram usage:       12 bytes
 Hardware stack levels used:    1
 This function calls:
		Nothing
 This function is called by:
		_map
 This function uses a non-reentrant model


 *************** function ___aldiv *****************
 Defined at:
		line 5 in file "/opt/microchip/xc8/v2.10/pic/sources/c99/common/aldiv.c"
 Parameters:    Size  Location     Type
  divisor         4    0[BANK0 ] long 
  dividend        4    4[BANK0 ] long 
 Auto vars:     Size  Location     Type
  quotient        4   10[BANK0 ] long 
  sign            1    9[BANK0 ] unsigned char 
  counter         1    8[BANK0 ] unsigned char 
 Return value:  Size  Location     Type
                  4    0[BANK0 ] long 
 Registers used:
		wreg, status,2, status,0
 Tracked objects:
		On entry : 
		On exit  : 
		Unchanged: 
 Data sizes:     COMMON   BANK0   BANK1   BANK2
      Params:         0       8       0       0
      Locals:         0       6       0       0
      Temps:          0       0       0       0
      Totals:         0      14       0       0
Total ram usage:       14 bytes
 Hardware stack levels used:    1
 This function calls:
		Nothing
 This function is called by:
		_map
 This function uses a non-reentrant model


 *************** function _adr_read *****************
 Defined at:
		line 235 in file "main.c"
 Parameters:    Size  Location     Type
		None
 Auto vars:     Size  Location     Type
  adc_result      2    4[COMMON] unsigned short 
 Return value:  Size  Location     Type
                  2    0[COMMON] unsigned short 
 Registers used:
		wreg, status,2
 Tracked objects:
		On entry : 
		On exit  : 
		Unchanged: 
 Data sizes:     COMMON   BANK0   BANK1   BANK2
      Params:         2       0       0       0
      Locals:         2       0       0       0
      Temps:          2       0       0       0
      Totals:         6       0       0       0
Total ram usage:        6 bytes
 Hardware stack levels used:    1
 This function calls:
		Nothing
 This function is called by:
		_ISR
 This function uses a non-reentrant model


 *************** function ___lwdiv *****************
 Defined at:
		line 5 in file "/opt/microchip/xc8/v2.10/pic/sources/c99/common/lwdiv.c"
 Parameters:    Size  Location     Type
  divisor         2    0[COMMON] unsigned int 
  dividend        2    2[COMMON] unsigned int 
 Auto vars:     Size  Location     Type
  quotient        2    4[COMMON] unsigned int 
  counter         1    6[COMMON] unsigned char 
 Return value:  Size  Location     Type
                  2    0[COMMON] unsigned int 
 Registers used:
		wreg, status,2, status,0
 Tracked objects:
		On entry : 
		On exit  : 
		Unchanged: 
 Data sizes:     COMMON   BANK0   BANK1   BANK2
      Params:         4       0       0       0
      Locals:         3       0       0       0
      Temps:          0       0       0       0
      Totals:         7       0       0       0
Total ram usage:        7 bytes
 Hardware stack levels used:    1
 This function calls:
		Nothing
 This function is called by:
		_ISR
 This function uses a non-reentrant model



MODULE INFORMATION

Module		Function		Class		Link	Load	Size
/opt/microchip/xc8/v2.10/pic/sources/c99/common/Umul32.c
		___lmul        		CODE           	041B	0000	38

/opt/microchip/xc8/v2.10/pic/sources/c99/common/Umul32.c estimated size: 38

/opt/microchip/xc8/v2.10/pic/sources/c99/common/lwdiv.c
		___lwdiv       		CODE           	0440	0000	38

/opt/microchip/xc8/v2.10/pic/sources/c99/common/lwdiv.c estimated size: 38

shared
		__initialization		CODE           	008D	0000	10

shared estimated size: 10

/opt/microchip/xc8/v2.10/pic/sources/c99/common/aldiv.c
		___aldiv       		CODE           	022F	0000	109

/opt/microchip/xc8/v2.10/pic/sources/c99/common/aldiv.c estimated size: 109

/opt/microchip/xc8/v2.10/pic/sources/c99/common/Umul16.c
		___wmul        		CODE           	052A	0000	22

/opt/microchip/xc8/v2.10/pic/sources/c99/common/Umul16.c estimated size: 22

main.c
		_adc_setup     		CODE           	05A4	0000	7
		_pwm3_init     		CODE           	0500	0000	22
		_millis        		CODE           	0595	0000	10
		_RED_LED       		CODE           	0465	0000	30
		_map           		CODE           	0300	0000	79
		_ISR           		CODE           	0004	0000	137
		_main          		CODE           	0099	0000	247
		_adr_read      		CODE           	053F	0000	21
		_osc_setup     		CODE           	058C	0000	10
		_delay_ms      		CODE           	04BC	0000	25
		_miganie       		CODE           	03F6	0000	38
		_tmr0_init     		CODE           	057F	0000	14
		_begogon1      		CODE           	034E	0000	55
		_begogon2      		CODE           	018F	0000	161
		_begogon3      		CODE           	029B	0000	102
		_begogonGB     		CODE           	03AA	0000	39
		_begogonBR     		CODE           	03D0	0000	39
		_begogonGR     		CODE           	0384	0000	39
		_pwm1_init     		CODE           	04D4	0000	23
		_GREEN_LED     		CODE           	0482	0000	30
		_RGB_ON        		CODE           	0562	0000	16
		_tmr1_init     		CODE           	0571	0000	15
		_port_setup    		CODE           	04EA	0000	23
		_BLUE_LED      		CODE           	049F	0000	30
		_pwm2_init     		CODE           	0515	0000	22

main.c estimated size: 1234

